<testsuites name="results">
  <testsuite name="all" package="all">
    <property name="random_seed" value="1648455653" />
    <testcase name="test_dff_simple" classname="test_dff" file="D:\lemurian\cocotb\cocotb-example\test_dff.py" lineno="8" time="0.007993221282958984" sim_time_ns="95000.001" ratio_time="11885070.816509694" />
  </testsuite>
</testsuites>
